components/theme-provider/ThemeProvider.tsx(24,14): error TS2741: Property 'linear' is missing in type '{ vivid: { name: "vivid"; label: string; mode: "light"; primaryColor: string; borderRadius: number; fontFamily: "sans"; animation: "vivid"; }; monochrome: { name: "monochrome"; label: string; mode: "light"; primaryColor: string; borderRadius: number; fontFamily: "serif"; animation: "monochrome"; }; bauhaus: { ...; }...' but required in type 'Record<ThemeName, ThemeConfig>'.
components/themes/linear/Button.tsx(3,18): error TS2305: Module '"@/components/theme/shadcn/button"' has no exported member 'ButtonProps'.
components/themes/linear/Button.tsx(16,6): error TS2339: Property 'className' does not exist on type 'LinearButtonProps'.
components/themes/linear/Button.tsx(16,17): error TS2339: Property 'variant' does not exist on type 'LinearButtonProps'.
components/themes/linear/Button.tsx(16,26): error TS2339: Property 'size' does not exist on type 'LinearButtonProps'.
components/workspace/Sidebar.tsx(184,31): error TS2322: Type '{ children: Element; asChild: true; }' is not assignable to type 'IntrinsicAttributes & Props<unknown>'.
  Property 'asChild' does not exist on type 'IntrinsicAttributes & Props<unknown>'.
components/workspace/Sidebar.tsx(212,41): error TS2322: Type '{ children: Element; asChild: true; }' is not assignable to type 'IntrinsicAttributes & Props<unknown>'.
  Property 'asChild' does not exist on type 'IntrinsicAttributes & Props<unknown>'.
components/workspace/Sidebar.tsx(293,29): error TS2322: Type '{ children: Element; asChild: true; }' is not assignable to type 'IntrinsicAttributes & Props<unknown>'.
  Property 'asChild' does not exist on type 'IntrinsicAttributes & Props<unknown>'.
